   Compiling proc-macro2 v1.0.103
   Compiling quote v1.0.42
   Compiling unicode-ident v1.0.22
    Checking cfg-if v1.0.4
    Checking windows-link v0.2.1
    Checking smallvec v1.15.1
    Checking pin-project-lite v0.2.16
    Checking windows-sys v0.61.2
   Compiling syn v2.0.109
    Checking memchr v2.7.6
    Checking futures-core v0.3.34
   Compiling crossbeam-utils v0.8.21
   Compiling parking_lot_core v0.9.12
    Checking scopeguard v1.2.0
   Compiling windows_x86_64_gnu v0.53.1
    Checking itoa v1.0.15
    Checking lock_api v0.4.14
   Compiling serde_core v1.0.228
    Checking parking_lot v0.12.5
    Checking value-bag v1.14.1
    Checking log v0.4.34
    Checking windows-targets v0.53.5
    Checking once_cell v1.21.3
    Checking futures-io v0.3.34
   Compiling serde v1.0.228
    Checking windows-sys v0.60.2
   Compiling serde_derive v1.0.228
   Compiling syn v3.0.3
   Compiling autocfg v1.5.0
    Checking equivalent v1.0.2
   Compiling synstructure v0.13.2
   Compiling shlex v1.3.0
    Checking slab v0.4.11
    Checking bitflags v2.10.0
   Compiling find-msvc-tools v0.1.4
    Checking bytes v1.12.1
   Compiling cc v1.2.44
   Compiling zerofrom-derive v0.1.6
    Checking hashbrown v0.16.0
    Checking zerofrom v0.1.6
   Compiling yoke-derive v0.8.1
    Checking indexmap v2.12.0
    Checking stable_deref_trait v1.2.1
   Compiling anyhow v1.0.100
    Checking yoke v0.8.1
    Checking socket2 v0.6.1
    Checking mio v1.1.0
   Compiling tokio-macros v2.6.0
    Checking futures-sink v0.3.34
   Compiling num-traits v0.2.19
   Compiling zerovec-derive v0.11.2
    Checking tokio v1.48.0
   Compiling libc v0.2.189
    Checking zerovec v0.11.5
    Checking concurrent-queue v2.5.0
   Compiling displaydoc v0.2.5
    Checking either v1.15.0
    Checking atomic-waker v1.1.2
    Checking fnv v1.0.7
    Checking futures-channel v0.3.34
   Compiling bytemuck_derive v1.10.2
    Checking getrandom v0.2.16
    Checking simd-adler32 v0.3.7
   Compiling winapi-x86_64-pc-windows-gnu v0.4.0
    Checking parking v2.2.1
    Checking http v1.3.1
    Checking bytemuck v1.24.0
   Compiling ring v0.17.14
   Compiling futures-macro v0.3.34
    Checking tracing-core v0.1.34
    Checking crossbeam-epoch v0.9.18
    Checking zeroize v1.8.2
   Compiling winapi v0.3.9
    Checking futures-task v0.3.34
   Compiling heck v0.5.0
   Compiling getrandom v0.3.4
   Compiling rayon-core v1.13.0
    Checking futures-util v0.3.34
    Checking rustls-pki-types v1.13.0
    Checking crossbeam-deque v0.8.6
warning: ring@0.17.14: Compiler family detection failed due to error: ToolNotFound: failed to find tool "x86_64-w64-mingw32-gcc": No such file or directory (os error 2)
warning: ring@0.17.14: Compiler family detection failed due to error: ToolNotFound: failed to find tool "x86_64-w64-mingw32-gcc": No such file or directory (os error 2)
error: failed to run custom build command for `ring v0.17.14`

Caused by:
  process didn't exit successfully: `/private/tmp/netget-audit-windows-20261001/debug/build/ring-14222b3f75621a96/build-script-build` (exit status: 1)
  --- stdout
  cargo:rerun-if-env-changed=CARGO_MANIFEST_DIR
  cargo:rerun-if-env-changed=CARGO_PKG_NAME
  cargo:rerun-if-env-changed=CARGO_PKG_VERSION_MAJOR
  cargo:rerun-if-env-changed=CARGO_PKG_VERSION_MINOR
  cargo:rerun-if-env-changed=CARGO_PKG_VERSION_PATCH
  cargo:rerun-if-env-changed=CARGO_PKG_VERSION_PRE
  cargo:rerun-if-env-changed=CARGO_MANIFEST_LINKS
  cargo:rerun-if-env-changed=RING_PREGENERATE_ASM
  cargo:rerun-if-env-changed=OUT_DIR
  cargo:rerun-if-env-changed=CARGO_CFG_TARGET_ARCH
  cargo:rerun-if-env-changed=CARGO_CFG_TARGET_OS
  cargo:rerun-if-env-changed=CARGO_CFG_TARGET_ENV
  cargo:rerun-if-env-changed=CARGO_CFG_TARGET_ENDIAN
  OPT_LEVEL = Some(0)
  OUT_DIR = Some(/private/tmp/netget-audit-windows-20261001/x86_64-pc-windows-gnu/debug/build/ring-3a0120fdeef3c0fd/out)
  TARGET = Some(x86_64-pc-windows-gnu)
  CARGO_ENCODED_RUSTFLAGS = Some()
  HOST = Some(aarch64-apple-darwin)
  cargo:rerun-if-env-changed=CC_x86_64-pc-windows-gnu
  CC_x86_64-pc-windows-gnu = None
  cargo:rerun-if-env-changed=CC_x86_64_pc_windows_gnu
  CC_x86_64_pc_windows_gnu = None
  cargo:rerun-if-env-changed=TARGET_CC
  TARGET_CC = None
  cargo:rerun-if-env-changed=CC
  CC = None
  cargo:rerun-if-env-changed=CROSS_COMPILE
  CROSS_COMPILE = None
  RUSTC_LINKER = None
  cargo:rerun-if-env-changed=CC_ENABLE_DEBUG_OUTPUT
  cargo:warning=Compiler family detection failed due to error: ToolNotFound: failed to find tool "x86_64-w64-mingw32-gcc": No such file or directory (os error 2)
  RUSTC_WRAPPER = Some()
  cargo:rerun-if-env-changed=CRATE_CC_NO_DEFAULTS
  CRATE_CC_NO_DEFAULTS = None
  DEBUG = Some(false)
  CARGO_CFG_TARGET_FEATURE = Some(cmpxchg16b,fxsr,sse,sse2,sse3)
  cargo:rerun-if-env-changed=CFLAGS
  CFLAGS = None
  cargo:rerun-if-env-changed=TARGET_CFLAGS
  TARGET_CFLAGS = None
  cargo:rerun-if-env-changed=CFLAGS_x86_64_pc_windows_gnu
  CFLAGS_x86_64_pc_windows_gnu = None
  cargo:rerun-if-env-changed=CFLAGS_x86_64-pc-windows-gnu
  CFLAGS_x86_64-pc-windows-gnu = None
  cargo:warning=Compiler family detection failed due to error: ToolNotFound: failed to find tool "x86_64-w64-mingw32-gcc": No such file or directory (os error 2)

  --- stderr


  error occurred in cc-rs: failed to find tool "x86_64-w64-mingw32-gcc": No such file or directory (os error 2)


warning: build failed, waiting for other jobs to finish...
